[2026-09-16 22:13:11] ✅ LunarEC system pulse — Wednesday, Week 38
[2026-09-17 10:42:40] ✅ LunarEC system pulse — Thursday, Week 38
[2026-09-17 14:16:33] ✅ LunarEC system pulse — Thursday, Week 38
[2026-09-17 19:07:04] ✅ LunarEC system pulse — Thursday, Week 38
[2026-09-17 23:51:19] ✅ LunarEC system pulse — Thursday, Week 38
[2026-09-18 13:51:35] ✅ LunarEC system pulse — Friday, Week 38
[2026-09-18 18:24:08] ✅ LunarEC system pulse — Friday, Week 38
[2026-09-18 23:07:11] ✅ LunarEC system pulse — Friday, Week 38
[2026-09-19 13:38:07] ✅ LunarEC system pulse — Saturday, Week 38
[2026-09-19 17:53:01] ✅ LunarEC system pulse — Saturday, Week 38
[2026-09-19 22:49:28] ✅ LunarEC system pulse — Saturday, Week 38
[2026-09-20 14:08:04] ✅ LunarEC system pulse — Sunday, Week 38
[2026-09-20 18:29:53] ✅ LunarEC system pulse — Sunday, Week 38
[2026-09-20 23:03:36] ✅ LunarEC system pulse — Sunday, Week 38
[2026-09-21 14:42:50] ✅ LunarEC system pulse — Monday, Week 39
[2026-09-21 20:40:52] ✅ LunarEC system pulse — Monday, Week 39
[2026-09-22 00:53:26] ✅ LunarEC system pulse — Tuesday, Week 39
[2026-09-22 14:07:08] ✅ LunarEC system pulse — Tuesday, Week 39
[2026-09-22 18:54:16] ✅ LunarEC system pulse — Tuesday, Week 39
[2026-09-22 23:34:43] ✅ LunarEC system pulse — Tuesday, Week 39
[2026-09-23 14:08:35] ✅ LunarEC system pulse — Wednesday, Week 39
[2026-09-23 19:05:11] ✅ LunarEC system pulse — Wednesday, Week 39
[2026-09-23 23:54:06] ✅ LunarEC system pulse — Wednesday, Week 39
[2026-09-24 14:04:00] ✅ LunarEC system pulse — Thursday, Week 39
[2026-09-24 19:02:14] ✅ LunarEC system pulse — Thursday, Week 39
[2026-09-24 23:51:27] ✅ LunarEC system pulse — Thursday, Week 39
[2026-09-25 19:26:08] ✅ LunarEC system pulse — Friday, Week 39
[2026-09-26 00:09:26] ✅ LunarEC system pulse — Saturday, Week 39
[2026-09-26 14:12:12] ✅ LunarEC system pulse — Saturday, Week 39
[2026-09-26 18:37:54] ✅ LunarEC system pulse — Saturday, Week 39
[2026-09-26 23:24:27] ✅ LunarEC system pulse — Saturday, Week 39
[2026-09-27 14:52:02] ✅ LunarEC system pulse — Sunday, Week 39
[2026-09-27 19:33:37] ✅ LunarEC system pulse — Sunday, Week 39
[2026-09-27 23:55:29] ✅ LunarEC system pulse — Sunday, Week 39
[2026-09-28 15:40:42] ✅ LunarEC system pulse — Monday, Week 40
[2026-09-28 22:22:27] ✅ LunarEC system pulse — Monday, Week 40
[2026-09-29 02:06:34] ✅ LunarEC system pulse — Tuesday, Week 40
[2026-09-29 15:27:45] ✅ LunarEC system pulse — Tuesday, Week 40
[2026-09-29 20:22:50] ✅ LunarEC system pulse — Tuesday, Week 40
[2026-09-30 00:50:52] ✅ LunarEC system pulse — Wednesday, Week 40
[2026-09-30 15:19:36] ✅ LunarEC system pulse — Wednesday, Week 40
[2026-09-30 20:39:03] ✅ LunarEC system pulse — Wednesday, Week 40
[2026-10-01 00:52:53] ✅ LunarEC system pulse — Thursday, Week 40
[2026-10-01 15:46:09] ✅ LunarEC system pulse — Thursday, Week 40
[2026-10-01 21:00:37] ✅ LunarEC system pulse — Thursday, Week 40
[2026-10-02 01:10:57] ✅ LunarEC system pulse — Friday, Week 40
[2026-10-02 15:20:58] ✅ LunarEC system pulse — Friday, Week 40
[2026-10-03 00:47:35] ✅ LunarEC system pulse — Saturday, Week 40
[2026-10-03 14:43:03] ✅ LunarEC system pulse — Saturday, Week 40
[2026-10-03 19:08:51] ✅ LunarEC system pulse — Saturday, Week 40
[2026-10-03 23:34:34] ✅ LunarEC system pulse — Saturday, Week 40
[2026-10-04 15:26:35] ✅ LunarEC system pulse — Sunday, Week 40
[2026-10-04 19:38:04] ✅ LunarEC system pulse — Sunday, Week 40
[2026-10-04 23:33:27] ✅ LunarEC system pulse — Sunday, Week 40
[2026-10-05 16:14:07] ✅ LunarEC system pulse — Monday, Week 41
[2026-10-05 22:56:03] ✅ LunarEC system pulse — Monday, Week 41
[2026-10-06 02:52:10] ✅ LunarEC system pulse — Tuesday, Week 41
[2026-10-06 16:04:10] ✅ LunarEC system pulse — Tuesday, Week 41
[2026-10-06 20:42:13] ✅ LunarEC system pulse — Tuesday, Week 41
[2026-10-07 01:01:45] ✅ LunarEC system pulse — Wednesday, Week 41
[2026-10-07 15:53:36] ✅ LunarEC system pulse — Wednesday, Week 41
[2026-10-07 21:06:18] ✅ LunarEC system pulse — Wednesday, Week 41
[2026-10-08 01:27:03] ✅ LunarEC system pulse — Thursday, Week 41
[2026-10-08 16:10:56] ✅ LunarEC system pulse — Thursday, Week 41
[2026-10-08 21:08:30] ✅ LunarEC system pulse — Thursday, Week 41
[2026-10-09 01:32:21] ✅ LunarEC system pulse — Friday, Week 41
[2026-10-09 16:09:55] ✅ LunarEC system pulse — Friday, Week 41
[2026-10-09 20:50:10] ✅ LunarEC system pulse — Friday, Week 41
